// Jest Snapshot v1, https://goo.gl/fbAQLP

exports[`<LocaleToggle /> should match the snapshot 1`] = `
<div
  class="Wrapper-sc-18gyl6l-0 gqpRLq"
>
  <select
    class="Select-sc-1arlvsq-0 dMtBOA"
  >
    <option
      value="en"
    >
      en
    </option>
    <option
      value="de"
    >
      de
    </option>
  </select>
</div>
`;
