// Jest Snapshot v1, https://goo.gl/fbAQLP

exports[`<Header /> should render a div 1`] = `
<div>
  <a
    class="A-sc-1stqwyd-0 A-sc-8xep47-0 gDyuiV"
    href="https://www.reactboilerplate.com/"
  >
    <img
      alt="react-boilerplate - Logo"
      class="Img-sc-1cdvosm-0 jZHSfd"
      src="IMAGE_MOCK"
    />
  </a>
  <div
    class="NavBar-sc-22xkdv-0 dGTDIS"
  >
    <a
      class="HeaderLink-tbj98u-0 haVZAs"
      href="/"
    >
      <span>
        Home
      </span>
    </a>
    <a
      class="HeaderLink-tbj98u-0 haVZAs"
      href="/features"
    >
      <span>
        Features
      </span>
    </a>
    <a
      class="HeaderLink-tbj98u-0 haVZAs"
      href="/score"
    >
      <span>
        Score
      </span>
    </a>
  </div>
</div>
`;
