// Jest Snapshot v1, https://goo.gl/fbAQLP

exports[`<HomePage /> should render and match the snapshot 1`] = `
<article>
  <div>
    <section
      class="Section-tvat01-0 CenteredSection-sjytyb-0 iuqKYo"
    >
      <h2
        class="H2-hygo5-0 dwXSrb"
      >
        <span>
          Start your next react project in seconds
        </span>
      </h2>
      <p>
        <span>
          A highly scalable, offline-first foundation with the best DX and a focus on performance and best practices
        </span>
      </p>
    </section>
    <section
      class="Section-tvat01-0 jYbxUe"
    >
      <h2
        class="H2-hygo5-0 dwXSrb"
      >
        <span>
          Try me!
        </span>
      </h2>
      <form
        class="Form-nu7y7h-0 iNYcHE"
      >
        <label
          for="username"
        >
          <span>
            Show Github repositories by
          </span>
          <span
            class="AtPrefix-sc-5g616h-0 bXnjuw"
          >
            <span>
              @
            </span>
          </span>
          <input
            class="Input-sc-1xz3p08-0 kAVRmL"
            id="username"
            placeholder="mxstbr"
            type="text"
            value=""
          />
        </label>
      </form>
      <div
        class="Wrapper-psupzl-0 hdzJQM"
      >
        <ul
          class="Ul-sc-1c3r4d0-0 hgFnwI"
        />
      </div>
    </section>
  </div>
</article>
`;
